Microchip MPLAB XC8 Compiler V2.32

Linker command line:

-W-3 --edf=C:\Program Files\Microchip\xc8\v2.32\pic\dat\en_msgs.txt -cn \
  -h+dist/default/production\ADC_7SEG.X.production.sym \
  --cmf=dist/default/production\ADC_7SEG.X.production.cmf -z -Q16F877A \
  -oC:\Users\lenovo\AppData\Local\Temp\xcAsbd8.4 --defsym=__MPLAB_BUILD=1 \
  -Mdist/default/production/ADC_7SEG.X.production.map -E1 -ver=XC8 Compiler \
  --acfsm=1493 -ASTACK=0110h-016Fh -pstack=STACK -ACODE=00h-07FFhx4 \
  -ASTRCODE=00h-01FFFh -ASTRING=00h-0FFhx32 -ACONST=00h-0FFhx32 \
  -AENTRY=00h-0FFhx32 -ACOMMON=070h-07Fh -ABANK0=020h-06Fh \
  -ABANK1=0A0h-0EFh -ABANK2=0110h-016Fh -ABANK3=0190h-01EFh \
  -ARAM=020h-06Fh,0A0h-0EFh,0110h-016Fh,0190h-01EFh \
  -AABS1=020h-07Fh,0A0h-0EFh,0110h-016Fh,0190h-01EFh -ASFR0=00h-01Fh \
  -ASFR1=080h-09Fh -ASFR2=0100h-010Fh -ASFR3=0180h-018Fh \
  -ACONFIG=02007h-02007h -DCONFIG=2 -AIDLOC=02000h-02003h -DIDLOC=2 \
  -AEEDATA=00h-0FFh/02100h -peeprom_data=EEDATA -DEEDATA=2 -DCODE=2 \
  -DSTRCODE=2 -DSTRING=2 -DCONST=2 -DENTRY=2 \
  -preset_vec=00h,intentry=04h,init,end_init -ppowerup=CODE -pcinit=CODE \
  -pfunctab=ENTRY -k C:\Users\lenovo\AppData\Local\Temp\xcAsbd8.o \
  dist/default/production\ADC_7SEG.X.production.o 

Object code version is 3.11

Machine type is 16F877A



                Name                               Link     Load   Length Selector   Space Scale
C:\Users\lenovo\AppData\Local\Temp\xcAsbd8.o
                end_init                             10       10        3        8       0
                reset_vec                             0        0        3        0       0
                config                             2007     2007        1        0       4
dist/default/production\ADC_7SEG.X.production.o
                cinit                                13       13       21        8       0
                intentry                              4        4        C        8       0
                config                             2007     2007        1        0       4
                text13                              DCA      DCA       67     1B94       0
                text12                              D11      D11       5B     1A22       0
                text11                              E31      E31       6F     1C62       0
                text10                              D6C      D6C       5E     1AD8       0
                text9                               7E9      7E9       16        8       0
                text8                               C97      C97        8     192E       0
                text7                               CE5      CE5       2C     19CA       0
                text6                               395      395      2A0        8       0
                text5                               EA0      EA0       A4     1D40       0
                text4                               CBC      CBC       29     1978       0
                text3                                34       34      361        8       0
                text2                               76D      76D       7C        8       0
                text1                               F44      F44       BC     1E88       0
                maintext                            635      635      138        8       0
                cstackBANK0                          20       20       3D       20       1
                cstackCOMMON                         70       70        E       70       1
                cstackBANK1                          A0       A0        D       A0       1
                inittext                            CA9      CA9       13     1952       0
                dataBANK1                            AD       AD        A       A0       1
                bssBANK1                             B7       B7        8       A0       1
                bssBANK0                             5D       5D        3       20       1
                nvBANK1                              BF       BF        4       A0       1
                nvBANK0                              60       60        2       20       1
                idataBANK1                          C9F      C9F        A     193E       0

TOTAL           Name                               Link     Load   Length     Space
        CLASS   STACK          

        CLASS   CODE           
                end_init                             10       10        3         0
                cinit                                13       13       21         0
                intentry                              4        4        C         0
                reset_vec                             0        0        3         0
                text13                              DCA      DCA       67         0
                text12                              D11      D11       5B         0
                text11                              E31      E31       6F         0
                text10                              D6C      D6C       5E         0
                text9                               7E9      7E9       16         0
                text8                               C97      C97        8         0
                text7                               CE5      CE5       2C         0
                text6                               395      395      2A0         0
                text5                               EA0      EA0       A4         0
                text4                               CBC      CBC       29         0
                text3                                34       34      361         0
                text2                               76D      76D       7C         0
                text1                               F44      F44       BC         0
                maintext                            635      635      138         0
                inittext                            CA9      CA9       13         0
                idataBANK1                          C9F      C9F        A         0

        CLASS   STRCODE        

        CLASS   STRING         

        CLASS   CONST          

        CLASS   ENTRY          

        CLASS   COMMON         
                cstackCOMMON                         70       70        E         1

        CLASS   BANK0          
                cstackBANK0                          20       20       3D         1
                bssBANK0                             5D       5D        3         1
                nvBANK0                              60       60        2         1

        CLASS   BANK1          
                cstackBANK1                          A0       A0        D         1
                dataBANK1                            AD       AD        A         1
                bssBANK1                             B7       B7        8         1
                nvBANK1                              BF       BF        4         1

        CLASS   BANK2          

        CLASS   BANK3          

        CLASS   RAM            

        CLASS   ABS1           
                abs_s1                               7E       7E        2         1

        CLASS   SFR0           

        CLASS   SFR1           

        CLASS   SFR2           

        CLASS   SFR3           

        CLASS   CONFIG         
                config                             2007     2007        1         4

        CLASS   IDLOC          

        CLASS   EEDATA         



SEGMENTS        Name                           Load    Length   Top    Selector   Space  Class     Delta

                reset_vec                      000000  000003  000003         0       0  CODE        2
                intentry                       000004  0007FB  0007FF         8       0  CODE        2
                cstackBANK0                    000020  000042  000062        20       1  BANK0       1
                cstackCOMMON                   000070  00000E  00007E        70       1  COMMON      1
                cstackBANK1                    0000A0  000023  0000C3        A0       1  BANK1       1
                text8                          000C97  000008  000C9F      192E       0  CODE        2
                idataBANK1                     000C9F  00000A  000CA9      193E       0  CODE        2
                inittext                       000CA9  000013  000CBC      1952       0  CODE        2
                text4                          000CBC  000029  000CE5      1978       0  CODE        2
                text7                          000CE5  00002C  000D11      19CA       0  CODE        2
                text12                         000D11  00005B  000D6C      1A22       0  CODE        2
                text10                         000D6C  00005E  000DCA      1AD8       0  CODE        2
                text13                         000DCA  000067  000E31      1B94       0  CODE        2
                text11                         000E31  00006F  000EA0      1C62       0  CODE        2
                text5                          000EA0  0000A4  000F44      1D40       0  CODE        2
                text1                          000F44  0000BC  001000      1E88       0  CODE        2


UNUSED ADDRESS RANGES

        Name                Unused          Largest block    Delta
        BANK0            0062-006F              E           1
        BANK1            00C3-00EF             2D           1
        BANK2            0110-016F             60           1
        BANK3            0190-01EF             60           1
        CODE             0003-0003              1           2
                         07FF-0C96              1
                         1000-1FFF            800
        CONST            0003-0003              1           2
                         07FF-0C96            100
                         1000-1FFF            100
        EEDATA           2100-21FF            100           2
        ENTRY            0003-0003              1           2
                         07FF-0C96            100
                         1000-1FFF            100
        IDLOC            2000-2003              4           2
        RAM              0062-006F              E           1
                         00C3-00EF             2D
                         0110-016F             60
                         0190-01EF             60
        SFR0             0000-001F             20           1
        SFR1             0080-009F             20           1
        SFR2             0100-010F             10           1
        SFR3             0180-018F             10           1
        STACK            0110-016F             60           1
        STRCODE          0003-0003              1           2
                         07FF-0C96            498
                         1000-1FFF           1000
        STRING           0003-0003              1           2
                         07FF-0C96            100
                         1000-1FFF            100

                                  Symbol Table

?_ADC_Read                cstackBANK0  0025
?__Umul8_16               cstackBANK0  0025
?___awdiv                 cstackCOMMON 0070
?___awmod                 cstackCOMMON 0079
?___fldiv                 cstackBANK0  004D
?___flmul                 cstackBANK0  0033
?___fltol                 cstackBANK0  004D
?___xxtofl                cstackBANK0  0025
ADC_Read@ADC_channel      cstackBANK0  0025
_ADCON0                   (abs)        001F
_ADCON1                   (abs)        009F
_ADC_Init                 text8        0C97
_ADC_Read                 text7        0CE5
_ADC_Value                nvBANK0      0060
_ADRESH                   (abs)        001E
_ADRESL                   (abs)        009E
_Digits                   bssBANK1     00B7
_GO                       (abs)        00FA
_GO_DONE                  (abs)        00FA
_INTCON                   (abs)        000B
_INTCONbits               (abs)        000B
_ISR                      text9        07E9
_OPTION_REG               (abs)        0081
_PORTCbits                (abs)        0007
_PORTD                    (abs)        0008
_PORTDbits                (abs)        0008
_Segments_Code            dataBANK1    00AD
_SevenSeg1_Write          text11       0E31
_TMR0                     (abs)        0001
_TRISCbits                (abs)        0087
_TRISD                    (abs)        0088
_Vin                      nvBANK1      00BF
_Vin_convert              bssBANK0     005D
__Habs1                   abs1         0000
__Hbank0                  bank0        0000
__Hbank1                  bank1        0000
__Hbank2                  bank2        0000
__Hbank3                  bank3        0000
__HbssBANK0               bssBANK0     0000
__HbssBANK1               bssBANK1     0000
__Hcinit                  cinit        0034
__Hclrtext                clrtext      0000
__Hcode                   code         0000
__Hcommon                 common       0000
__Hconfig                 config       2008
__HcstackBANK0            cstackBANK0  0000
__HcstackBANK1            cstackBANK1  0000
__HcstackCOMMON           cstackCOMMON 0000
__HdataBANK1              dataBANK1    0000
__Heeprom_data            eeprom_data  0000
__Hend_init               end_init     0013
__Hfunctab                functab      0000
__HidataBANK1             idataBANK1   0000
__Hinit                   init         0010
__Hinittext               inittext     0000
__Hintentry               intentry     0010
__Hmaintext               maintext     0000
__HnvBANK0                nvBANK0      0000
__HnvBANK1                nvBANK1      0000
__Hpowerup                powerup      0000
__Hram                    ram          0000
__Hreset_vec              reset_vec    0003
__Hsfr0                   sfr0         0000
__Hsfr1                   sfr1         0000
__Hsfr2                   sfr2         0000
__Hsfr3                   sfr3         0000
__Hspace_0                (abs)        1000
__Hspace_1                (abs)        00C3
__Hspace_2                (abs)        0000
__Hspace_3                (abs)        0000
__Hspace_4                (abs)        400F
__Hstack                  stack        0000
__Hstrings                strings      0000
__Htext                   text         0000
__Labs1                   abs1         0000
__Lbank0                  bank0        0000
__Lbank1                  bank1        0000
__Lbank2                  bank2        0000
__Lbank3                  bank3        0000
__LbssBANK0               bssBANK0     0000
__LbssBANK1               bssBANK1     0000
__Lcinit                  cinit        0013
__Lclrtext                clrtext      0000
__Lcode                   code         0000
__Lcommon                 common       0000
__Lconfig                 config       0000
__LcstackBANK0            cstackBANK0  0000
__LcstackBANK1            cstackBANK1  0000
__LcstackCOMMON           cstackCOMMON 0000
__LdataBANK1              dataBANK1    0000
__Leeprom_data            eeprom_data  0000
__Lend_init               end_init     0010
__Lfunctab                functab      0000
__LidataBANK1             idataBANK1   0000
__Linit                   init         0010
__Linittext               inittext     0000
__Lintentry               intentry     0004
__Lmaintext               maintext     0000
__LnvBANK0                nvBANK0      0000
__LnvBANK1                nvBANK1      0000
__Lpowerup                powerup      0000
__Lram                    ram          0000
__Lreset_vec              reset_vec    0000
__Lsfr0                   sfr0         0000
__Lsfr1                   sfr1         0000
__Lsfr2                   sfr2         0000
__Lsfr3                   sfr3         0000
__Lspace_0                (abs)        0000
__Lspace_1                (abs)        0000
__Lspace_2                (abs)        0000
__Lspace_3                (abs)        0000
__Lspace_4                (abs)        0000
__Lstack                  stack        0000
__Lstrings                strings      0000
__Ltext                   text         0000
__S0                      (abs)        1000
__S1                      (abs)        00C3
__S2                      (abs)        0000
__S3                      (abs)        0000
__Umul8_16                text4        0CBC
__Umul8_16@multiplicand   cstackBANK0  0025
__Umul8_16@multiplier     cstackBANK0  002D
__Umul8_16@product        cstackBANK0  0029
__Umul8_16@word_mpld      cstackBANK0  002B
___awdiv                  text13       0DCA
___awdiv@counter          cstackCOMMON 0075
___awdiv@dividend         cstackCOMMON 0072
___awdiv@divisor          cstackCOMMON 0070
___awdiv@quotient         cstackCOMMON 0077
___awdiv@sign             cstackCOMMON 0076
___awmod                  text12       0D11
___awmod@counter          cstackBANK0  0020
___awmod@dividend         cstackCOMMON 007B
___awmod@divisor          cstackCOMMON 0079
___awmod@sign             cstackBANK0  0021
___fldiv                  text6        0395
___fldiv@a                cstackBANK0  004D
___fldiv@aexp             cstackBANK1  00AC
___fldiv@b                cstackBANK0  0051
___fldiv@bexp             cstackBANK1  00AB
___fldiv@grs              cstackBANK1  00A7
___fldiv@new_exp          cstackBANK1  00A5
___fldiv@rem              cstackBANK1  00A0
___fldiv@sign             cstackBANK1  00A4
___flge                   text5        0EA0
___flge@ff1               cstackBANK0  0025
___flge@ff2               cstackBANK0  0029
___flmul                  text3        0034
___flmul@a                cstackBANK0  0037
___flmul@aexp             cstackBANK0  0045
___flmul@b                cstackBANK0  0033
___flmul@bexp             cstackBANK0  0046
___flmul@grs              cstackBANK0  0041
___flmul@prod             cstackBANK0  0047
___flmul@sign             cstackBANK0  0040
___flmul@temp             cstackBANK0  004B
___fltol                  text2        076D
___fltol@exp1             cstackBANK0  0057
___fltol@f1               cstackBANK0  004D
___fltol@sign1            cstackBANK0  0056
___int_sp                 stack        0000
___latbits                (abs)        0002
___sp                     stack        0000
___stackhi                (abs)        0000
___stacklo                (abs)        0000
___xxtofl                 text1        0F44
___xxtofl@arg             cstackBANK0  002F
___xxtofl@exp             cstackBANK0  002E
___xxtofl@sign            cstackBANK0  002D
___xxtofl@val             cstackBANK0  0025
__end_of_ADC_Init         text8        0C9F
__end_of_ADC_Read         text7        0D11
__end_of_ISR              text9        07FF
__end_of_SevenSeg1_Write  text11       0EA0
__end_of__Umul8_16        text4        0CE5
__end_of___awdiv          text13       0E31
__end_of___awmod          text12       0D6C
__end_of___fldiv          text6        0635
__end_of___flge           text5        0F44
__end_of___flmul          text3        0395
__end_of___fltol          text2        07E9
__end_of___xxtofl         text1        1000
__end_of__initialization  cinit        0030
__end_of_display_data     text10       0DCA
__end_of_main             maintext     076D
__initialization          cinit        0013
__pbssBANK0               bssBANK0     005D
__pbssBANK1               bssBANK1     00B7
__pcstackBANK0            cstackBANK0  0020
__pcstackBANK1            cstackBANK1  00A0
__pcstackCOMMON           cstackCOMMON 0070
__pdataBANK1              dataBANK1    00AD
__pidataBANK1             idataBANK1   0C9F
__pintentry               intentry     0004
__pmaintext               maintext     0635
__pnvBANK0                nvBANK0      0060
__pnvBANK1                nvBANK1      00BF
__ptext1                  text1        0F44
__ptext10                 text10       0D6C
__ptext11                 text11       0E31
__ptext12                 text12       0D11
__ptext13                 text13       0DCA
__ptext2                  text2        076D
__ptext3                  text3        0034
__ptext4                  text4        0CBC
__ptext5                  text5        0EA0
__ptext6                  text6        0395
__ptext7                  text7        0CE5
__ptext8                  text8        0C97
__ptext9                  text9        07E9
__size_of_ADC_Init        (abs)        0000
__size_of_ADC_Read        (abs)        0000
__size_of_ISR             (abs)        0000
__size_of_SevenSeg1_Write (abs)        0000
__size_of__Umul8_16       (abs)        0000
__size_of___awdiv         (abs)        0000
__size_of___awmod         (abs)        0000
__size_of___fldiv         (abs)        0000
__size_of___flge          (abs)        0000
__size_of___flmul         (abs)        0000
__size_of___fltol         (abs)        0000
__size_of___xxtofl        (abs)        0000
__size_of_display_data    (abs)        0000
__size_of_main            (abs)        0000
_check                    bssBANK0     005F
_display_data             text10       0D6C
_main                     maintext     0635
btemp                     (abs)        007E
end_of_initialization     cinit        0030
init_fetch0               inittext     0CA9
init_ram0                 inittext     0CAD
interrupt_function        intentry     0004
intlevel0                 functab      0000
intlevel1                 functab      0000
intlevel2                 functab      0000
intlevel3                 functab      0000
intlevel4                 functab      0000
intlevel5                 functab      0000
reset_vec                 reset_vec    0000
saved_w                   (abs)        007E
start                     init         0010
start_initialization      cinit        0013
wtemp0                    (abs)        007E


MODULE INFORMATION

Module		Function		Class		Link	Load	Size
C:\Program Files\Microchip\xc8\v2.32\pic\sources\c90\common\flge.c
		___flge        		CODE           	0EA0	0000	164

C:\Program Files\Microchip\xc8\v2.32\pic\sources\c90\common\flge.c estimated size: 164

demo2.c
		_ISR           		CODE           	07E9	0000	22
		_display_data  		CODE           	0D6C	0000	94
		_main          		CODE           	0635	0000	312
		_SevenSeg1_Write		CODE           	0E31	0000	111
		_ADC_Read      		CODE           	0CE5	0000	44
		_ADC_Init      		CODE           	0C97	0000	8

demo2.c estimated size: 591

C:\Program Files\Microchip\xc8\v2.32\pic\sources\c90\common\xxtofl.c
		___xxtofl      		CODE           	0F44	0000	188

C:\Program Files\Microchip\xc8\v2.32\pic\sources\c90\common\xxtofl.c estimated size: 188

C:\Program Files\Microchip\xc8\v2.32\pic\sources\c90\common\Umul8_16.c
		__Umul8_16     		CODE           	0CBC	0000	41

C:\Program Files\Microchip\xc8\v2.32\pic\sources\c90\common\Umul8_16.c estimated size: 41

C:\Program Files\Microchip\xc8\v2.32\pic\sources\c90\common\awmod.c
		___awmod       		CODE           	0D11	0000	91

C:\Program Files\Microchip\xc8\v2.32\pic\sources\c90\common\awmod.c estimated size: 91

shared
		__initialization		CODE           	0013	0000	29

shared estimated size: 29

C:\Program Files\Microchip\xc8\v2.32\pic\sources\c90\common\sprcmul.c
		___flmul       		CODE           	0034	0000	865

C:\Program Files\Microchip\xc8\v2.32\pic\sources\c90\common\sprcmul.c estimated size: 865

C:\Program Files\Microchip\xc8\v2.32\pic\sources\c90\common\sprcdiv.c
		___fldiv       		CODE           	0395	0000	672

C:\Program Files\Microchip\xc8\v2.32\pic\sources\c90\common\sprcdiv.c estimated size: 672

C:\Program Files\Microchip\xc8\v2.32\pic\sources\c90\common\awdiv.c
		___awdiv       		CODE           	0DCA	0000	103

C:\Program Files\Microchip\xc8\v2.32\pic\sources\c90\common\awdiv.c estimated size: 103

C:\Program Files\Microchip\xc8\v2.32\pic\sources\c90\common\fltol.c
		___fltol       		CODE           	076D	0000	124

C:\Program Files\Microchip\xc8\v2.32\pic\sources\c90\common\fltol.c estimated size: 124

