Microchip MPLAB XC8 Compiler V2.32

Linker command line:

-W-3 --edf=C:\Program Files\Microchip\xc8\v2.32\pic\dat\en_msgs.txt -cn \
  -h+dist/default/production\Src.production.sym \
  --cmf=dist/default/production\Src.production.cmf -z -Q16F887 \
  -oC:\Users\lenovo\AppData\Local\Temp\xcAs93s.4 --defsym=__MPLAB_BUILD=1 \
  -Mdist/default/production/Src.production.map -E1 -ver=XC8 Compiler \
  --acfsm=1493 -ASTACK=0110h-016Fh -pstack=STACK -ACODE=00h-07FFhx4 \
  -ASTRCODE=00h-01FFFh -ASTRING=00h-0FFhx32 -ACONST=00h-0FFhx32 \
  -AENTRY=00h-0FFhx32 -ACOMMON=070h-07Fh -ABANK0=020h-06Fh \
  -ABANK1=0A0h-0EFh -ABANK2=0110h-016Fh -ABANK3=0190h-01EFh \
  -ARAM=020h-06Fh,0A0h-0EFh,0110h-016Fh,0190h-01EFh \
  -AABS1=020h-07Fh,0A0h-0EFh,0110h-016Fh,0190h-01EFh -ASFR0=00h-01Fh \
  -ASFR1=080h-09Fh -ASFR2=0100h-010Fh -ASFR3=0180h-018Fh \
  -ACONFIG=02007h-02008h -DCONFIG=2 -AIDLOC=02000h-02003h -DIDLOC=2 \
  -AEEDATA=00h-0FFh/02100h -peeprom_data=EEDATA -DEEDATA=2 -DCODE=2 \
  -DSTRCODE=2 -DSTRING=2 -DCONST=2 -DENTRY=2 \
  -preset_vec=00h,intentry=04h,init,end_init -ppowerup=CODE -pcinit=CODE \
  -pfunctab=ENTRY -k C:\Users\lenovo\AppData\Local\Temp\xcAs93s.o \
  dist/default/production\Src.production.o 

Object code version is 3.11

Machine type is 16F887



                Name                               Link     Load   Length Selector   Space Scale
C:\Users\lenovo\AppData\Local\Temp\xcAs93s.o
                end_init                             10       10        3        8       0
                reset_vec                             0        0        3        0       0
                config                             2007     2007        2        0       4
dist/default/production\Src.production.o
                cinit                                13       13       1B        8       0
                intentry                              4        4        C        8       0
                config                             2007     2007        2        0       4
                text14                              BEC      BEC       66     17D8       0
                text13                              B96      B96       56     172C       0
                text12                              CCE      CCE       9D     199C       0
                text11                              B46      B46       50     168C       0
                text10                              A93      A93       16     1526       0
                text9                               7F8      7F8        8        8       0
                text8                               AD2      AD2       2C     15A4       0
                text7                               D6B      D6B      295     1AD6       0
                text6                               74A      74A       A4        8       0
                text5                               AA9      AA9       29     1552       0
                text4                                2E       2E      55F        8       0
                text3                               C52      C52       7C     18A4       0
                text2                               AFE      AFE       48     15FC       0
                text1                               68E      68E       BC        8       0
                maintext                            58D      58D      101        8       0
                cstackBANK0                          20       20       31       20       1
                cstackCOMMON                         70       70        E       70       1
                cstackBANK1                          A0       A0       22       A0       1
                inittext                            A80      A80       13     1500       0
                dataBANK1                            C2       C2        A       A0       1
                bssBANK0                             51       51        9       20       1
                nvBANK0                              5A       5A        6       20       1
                idataBANK1                          7EE      7EE        A        8       0

TOTAL           Name                               Link     Load   Length     Space
        CLASS   STACK          

        CLASS   CODE           
                end_init                             10       10        3         0
                cinit                                13       13       1B         0
                intentry                              4        4        C         0
                reset_vec                             0        0        3         0
                text14                              BEC      BEC       66         0
                text13                              B96      B96       56         0
                text12                              CCE      CCE       9D         0
                text11                              B46      B46       50         0
                text10                              A93      A93       16         0
                text9                               7F8      7F8        8         0
                text8                               AD2      AD2       2C         0
                text7                               D6B      D6B      295         0
                text6                               74A      74A       A4         0
                text5                               AA9      AA9       29         0
                text4                                2E       2E      55F         0
                text3                               C52      C52       7C         0
                text2                               AFE      AFE       48         0
                text1                               68E      68E       BC         0
                maintext                            58D      58D      101         0
                inittext                            A80      A80       13         0
                idataBANK1                          7EE      7EE        A         0

        CLASS   STRCODE        

        CLASS   STRING         

        CLASS   CONST          

        CLASS   ENTRY          

        CLASS   COMMON         
                cstackCOMMON                         70       70        E         1

        CLASS   BANK0          
                cstackBANK0                          20       20       31         1
                bssBANK0                             51       51        9         1
                nvBANK0                              5A       5A        6         1

        CLASS   BANK1          
                cstackBANK1                          A0       A0       22         1
                dataBANK1                            C2       C2        A         1

        CLASS   BANK2          

        CLASS   BANK3          

        CLASS   RAM            

        CLASS   ABS1           
                abs_s1                               7E       7E        2         1

        CLASS   SFR0           

        CLASS   SFR1           

        CLASS   SFR2           

        CLASS   SFR3           

        CLASS   CONFIG         
                config                             2007     2007        2         4

        CLASS   IDLOC          

        CLASS   EEDATA         



SEGMENTS        Name                           Load    Length   Top    Selector   Space  Class     Delta

                reset_vec                      000000  000003  000003         0       0  CODE        2
                intentry                       000004  0007FC  000800         8       0  CODE        2
                cstackBANK0                    000020  000040  000060        20       1  BANK0       1
                cstackCOMMON                   000070  00000E  00007E        70       1  COMMON      1
                cstackBANK1                    0000A0  00002C  0000CC        A0       1  BANK1       1
                inittext                       000A80  000013  000A93      1500       0  CODE        2
                text10                         000A93  000016  000AA9      1526       0  CODE        2
                text5                          000AA9  000029  000AD2      1552       0  CODE        2
                text8                          000AD2  00002C  000AFE      15A4       0  CODE        2
                text2                          000AFE  000048  000B46      15FC       0  CODE        2
                text11                         000B46  000050  000B96      168C       0  CODE        2
                text13                         000B96  000056  000BEC      172C       0  CODE        2
                text14                         000BEC  000066  000C52      17D8       0  CODE        2
                text3                          000C52  00007C  000CCE      18A4       0  CODE        2
                text12                         000CCE  00009D  000D6B      199C       0  CODE        2
                text7                          000D6B  000295  001000      1AD6       0  CODE        2


UNUSED ADDRESS RANGES

        Name                Unused          Largest block    Delta
        BANK0            0060-006F             10           1
        BANK1            00CC-00EF             24           1
        BANK2            0110-016F             60           1
        BANK3            0190-01EF             60           1
        CODE             0003-0003              1           2
                         0800-0A7F            280
                         1000-1FFF            800
        CONST            0003-0003              1           2
                         0800-0A7F            100
                         1000-1FFF            100
        EEDATA           2100-21FF            100           2
        ENTRY            0003-0003              1           2
                         0800-0A7F            100
                         1000-1FFF            100
        IDLOC            2000-2003              4           2
        RAM              0060-006F             10           1
                         00CC-00EF             24
                         0110-016F             60
                         0190-01EF             60
        SFR0             0000-001F             20           1
        SFR1             0080-009F             20           1
        SFR2             0100-010F             10           1
        SFR3             0180-018F             10           1
        STACK            0110-016F             60           1
        STRCODE          0003-0003              1           2
                         0800-0A7F            280
                         1000-1FFF           1000
        STRING           0003-0003              1           2
                         0800-0A7F            100
                         1000-1FFF            100

                                  Symbol Table

?_ADC_Read                cstackBANK0  002E
?__Umul8_16               cstackBANK0  002E
?___fldiv                 cstackBANK0  0049
?___flmul                 cstackBANK0  003C
?___fltol                 cstackBANK0  002E
?___lldiv                 cstackCOMMON 0070
?___llmod                 cstackBANK0  0020
?___lmul                  cstackBANK0  0039
?___xxtofl                cstackBANK0  002E
ADC_Read@ADC_channel      cstackBANK0  002E
_ADCON0                   (abs)        001F
_ADCON1                   (abs)        009F
_ADC_Init                 text9        07F8
_ADC_Read                 text8        0AD2
_ADC_Value                nvBANK0      005E
_ADRESH                   (abs)        001E
_ADRESL                   (abs)        009E
_Digits                   bssBANK0     0055
_GO                       (abs)        00F9
_GO_DONE                  (abs)        00F9
_INTCON                   (abs)        000B
_INTCONbits               (abs)        000B
_ISR                      text10       0A93
_OPTION_REG               (abs)        0081
_PORTCbits                (abs)        0007
_PORTD                    (abs)        0008
_PORTDbits                (abs)        0008
_Segments_Code            dataBANK1    00C2
_SevenSeg1_Write          text12       0CCE
_TMR0                     (abs)        0001
_TRISCbits                (abs)        0087
_TRISD                    (abs)        0088
_Vin                      nvBANK0      005A
_Vin_convert              bssBANK0     0051
__Habs1                   abs1         0000
__Hbank0                  bank0        0000
__Hbank1                  bank1        0000
__Hbank2                  bank2        0000
__Hbank3                  bank3        0000
__HbssBANK0               bssBANK0     0000
__Hcinit                  cinit        002E
__Hclrtext                clrtext      0000
__Hcode                   code         0000
__Hcommon                 common       0000
__Hconfig                 config       2009
__HcstackBANK0            cstackBANK0  0000
__HcstackBANK1            cstackBANK1  0000
__HcstackCOMMON           cstackCOMMON 0000
__HdataBANK1              dataBANK1    0000
__Heeprom_data            eeprom_data  0000
__Hend_init               end_init     0013
__Hfunctab                functab      0000
__HidataBANK1             idataBANK1   0000
__Hinit                   init         0010
__Hinittext               inittext     0000
__Hintentry               intentry     0010
__Hmaintext               maintext     0000
__HnvBANK0                nvBANK0      0000
__Hpowerup                powerup      0000
__Hram                    ram          0000
__Hreset_vec              reset_vec    0003
__Hsfr0                   sfr0         0000
__Hsfr1                   sfr1         0000
__Hsfr2                   sfr2         0000
__Hsfr3                   sfr3         0000
__Hspace_0                (abs)        1000
__Hspace_1                (abs)        00CC
__Hspace_2                (abs)        0000
__Hspace_3                (abs)        0000
__Hspace_4                (abs)        4010
__Hstack                  stack        0000
__Hstrings                strings      0000
__Htext                   text         0000
__Labs1                   abs1         0000
__Lbank0                  bank0        0000
__Lbank1                  bank1        0000
__Lbank2                  bank2        0000
__Lbank3                  bank3        0000
__LbssBANK0               bssBANK0     0000
__Lcinit                  cinit        0013
__Lclrtext                clrtext      0000
__Lcode                   code         0000
__Lcommon                 common       0000
__Lconfig                 config       0000
__LcstackBANK0            cstackBANK0  0000
__LcstackBANK1            cstackBANK1  0000
__LcstackCOMMON           cstackCOMMON 0000
__LdataBANK1              dataBANK1    0000
__Leeprom_data            eeprom_data  0000
__Lend_init               end_init     0010
__Lfunctab                functab      0000
__LidataBANK1             idataBANK1   0000
__Linit                   init         0010
__Linittext               inittext     0000
__Lintentry               intentry     0004
__Lmaintext               maintext     0000
__LnvBANK0                nvBANK0      0000
__Lpowerup                powerup      0000
__Lram                    ram          0000
__Lreset_vec              reset_vec    0000
__Lsfr0                   sfr0         0000
__Lsfr1                   sfr1         0000
__Lsfr2                   sfr2         0000
__Lsfr3                   sfr3         0000
__Lspace_0                (abs)        0000
__Lspace_1                (abs)        0000
__Lspace_2                (abs)        0000
__Lspace_3                (abs)        0000
__Lspace_4                (abs)        0000
__Lstack                  stack        0000
__Lstrings                strings      0000
__Ltext                   text         0000
__S0                      (abs)        1000
__S1                      (abs)        00CC
__S2                      (abs)        0000
__S3                      (abs)        0000
__Umul8_16                text5        0AA9
__Umul8_16@multiplicand   cstackBANK0  002E
__Umul8_16@multiplier     cstackBANK0  0036
__Umul8_16@product        cstackBANK0  0032
__Umul8_16@word_mpld      cstackBANK0  0034
___fldiv                  text7        0D6B
___fldiv@a                cstackBANK0  0049
___fldiv@aexp             cstackBANK1  00BE
___fldiv@b                cstackBANK0  004D
___fldiv@bexp             cstackBANK1  00BD
___fldiv@grs              cstackBANK1  00B9
___fldiv@new_exp          cstackBANK1  00B7
___fldiv@rem              cstackBANK1  00B2
___fldiv@sign             cstackBANK1  00B6
___flge                   text6        074A
___flge@ff1               cstackBANK0  002E
___flge@ff2               cstackBANK0  0032
___flmul                  text4        002E
___flmul@a                cstackBANK0  0040
___flmul@aexp             cstackBANK1  00A1
___flmul@b                cstackBANK0  003C
___flmul@bexp             cstackBANK1  00A6
___flmul@grs              cstackBANK1  00A2
___flmul@prod             cstackBANK1  00A7
___flmul@sign             cstackBANK1  00A0
___flmul@temp             cstackBANK1  00AB
___fltol                  text3        0C52
___fltol@exp1             cstackBANK0  0038
___fltol@f1               cstackBANK0  002E
___fltol@sign1            cstackBANK0  0037
___int_sp                 stack        0000
___latbits                (abs)        0002
___lldiv                  text14       0BEC
___lldiv@counter          cstackCOMMON 007D
___lldiv@dividend         cstackCOMMON 0074
___lldiv@divisor          cstackCOMMON 0070
___lldiv@quotient         cstackCOMMON 0079
___llmod                  text13       0B96
___llmod@counter          cstackBANK0  0029
___llmod@dividend         cstackBANK0  0024
___llmod@divisor          cstackBANK0  0020
___lmul                   text2        0AFE
___lmul@multiplicand      cstackBANK0  003D
___lmul@multiplier        cstackBANK0  0039
___lmul@product           cstackBANK0  0042
___sp                     stack        0000
___stackhi                (abs)        0000
___stacklo                (abs)        0000
___xxtofl                 text1        068E
___xxtofl@arg             cstackBANK0  0038
___xxtofl@exp             cstackBANK0  0037
___xxtofl@sign            cstackBANK0  0036
___xxtofl@val             cstackBANK0  002E
__end_of_ADC_Init         text9        0800
__end_of_ADC_Read         text8        0AFE
__end_of_ISR              text10       0AA9
__end_of_SevenSeg1_Write  text12       0D6B
__end_of__Umul8_16        text5        0AD2
__end_of___fldiv          text7        1000
__end_of___flge           text6        07EE
__end_of___flmul          text4        058D
__end_of___fltol          text3        0CCE
__end_of___lldiv          text14       0C52
__end_of___llmod          text13       0BEC
__end_of___lmul           text2        0B46
__end_of___xxtofl         text1        074A
__end_of__initialization  cinit        002A
__end_of_display_data     text11       0B96
__end_of_main             maintext     068E
__initialization          cinit        0013
__pbssBANK0               bssBANK0     0051
__pcstackBANK0            cstackBANK0  0020
__pcstackBANK1            cstackBANK1  00A0
__pcstackCOMMON           cstackCOMMON 0070
__pdataBANK1              dataBANK1    00C2
__pidataBANK1             idataBANK1   07EE
__pintentry               intentry     0004
__pmaintext               maintext     058D
__pnvBANK0                nvBANK0      005A
__ptext1                  text1        068E
__ptext10                 text10       0A93
__ptext11                 text11       0B46
__ptext12                 text12       0CCE
__ptext13                 text13       0B96
__ptext14                 text14       0BEC
__ptext2                  text2        0AFE
__ptext3                  text3        0C52
__ptext4                  text4        002E
__ptext5                  text5        0AA9
__ptext6                  text6        074A
__ptext7                  text7        0D6B
__ptext8                  text8        0AD2
__ptext9                  text9        07F8
__size_of_ADC_Init        (abs)        0000
__size_of_ADC_Read        (abs)        0000
__size_of_ISR             (abs)        0000
__size_of_SevenSeg1_Write (abs)        0000
__size_of__Umul8_16       (abs)        0000
__size_of___fldiv         (abs)        0000
__size_of___flge          (abs)        0000
__size_of___flmul         (abs)        0000
__size_of___fltol         (abs)        0000
__size_of___lldiv         (abs)        0000
__size_of___llmod         (abs)        0000
__size_of___lmul          (abs)        0000
__size_of___xxtofl        (abs)        0000
__size_of_display_data    (abs)        0000
__size_of_main            (abs)        0000
_check                    bssBANK0     0059
_display_data             text11       0B46
_main                     maintext     058D
btemp                     (abs)        007E
end_of_initialization     cinit        002A
init_fetch0               inittext     0A80
init_ram0                 inittext     0A84
interrupt_function        intentry     0004
intlevel0                 functab      0000
intlevel1                 functab      0000
intlevel2                 functab      0000
intlevel3                 functab      0000
intlevel4                 functab      0000
intlevel5                 functab      0000
reset_vec                 reset_vec    0000
saved_w                   (abs)        007E
start                     init         0010
start_initialization      cinit        0013
wtemp0                    (abs)        007E


MODULE INFORMATION

Module		Function		Class		Link	Load	Size
C:\Program Files\Microchip\xc8\v2.32\pic\sources\c90\common\flge.c
		___flge        		CODE           	074A	0000	164

C:\Program Files\Microchip\xc8\v2.32\pic\sources\c90\common\flge.c estimated size: 164

demo2.c
		_ISR           		CODE           	0A93	0000	22
		_display_data  		CODE           	0B46	0000	80
		_main          		CODE           	058D	0000	257
		_SevenSeg1_Write		CODE           	0CCE	0000	157
		_ADC_Read      		CODE           	0AD2	0000	44
		_ADC_Init      		CODE           	07F8	0000	8

demo2.c estimated size: 568

C:\Program Files\Microchip\xc8\v2.32\pic\sources\c90\common\Umul32.c
		___lmul        		CODE           	0AFE	0000	72

C:\Program Files\Microchip\xc8\v2.32\pic\sources\c90\common\Umul32.c estimated size: 72

C:\Program Files\Microchip\xc8\v2.32\pic\sources\c90\common\xxtofl.c
		___xxtofl      		CODE           	068E	0000	188

C:\Program Files\Microchip\xc8\v2.32\pic\sources\c90\common\xxtofl.c estimated size: 188

C:\Program Files\Microchip\xc8\v2.32\pic\sources\c90\common\Umul8_16.c
		__Umul8_16     		CODE           	0AA9	0000	41

C:\Program Files\Microchip\xc8\v2.32\pic\sources\c90\common\Umul8_16.c estimated size: 41

C:\Program Files\Microchip\xc8\v2.32\pic\sources\c90\common\llmod.c
		___llmod       		CODE           	0B96	0000	86

C:\Program Files\Microchip\xc8\v2.32\pic\sources\c90\common\llmod.c estimated size: 86

shared
		__initialization		CODE           	0013	0000	23

shared estimated size: 23

C:\Program Files\Microchip\xc8\v2.32\pic\sources\c90\common\sprcmul.c
		___flmul       		CODE           	002E	0000	1375

C:\Program Files\Microchip\xc8\v2.32\pic\sources\c90\common\sprcmul.c estimated size: 1375

C:\Program Files\Microchip\xc8\v2.32\pic\sources\c90\common\sprcdiv.c
		___fldiv       		CODE           	0D6B	0000	661

C:\Program Files\Microchip\xc8\v2.32\pic\sources\c90\common\sprcdiv.c estimated size: 661

C:\Program Files\Microchip\xc8\v2.32\pic\sources\c90\common\fltol.c
		___fltol       		CODE           	0C52	0000	124

C:\Program Files\Microchip\xc8\v2.32\pic\sources\c90\common\fltol.c estimated size: 124

C:\Program Files\Microchip\xc8\v2.32\pic\sources\c90\common\__lldiv.c
		___lldiv       		CODE           	0BEC	0000	102

C:\Program Files\Microchip\xc8\v2.32\pic\sources\c90\common\__lldiv.c estimated size: 102

