Microchip MPLAB XC8 Compiler V2.32

Linker command line:

-W-3 --edf=C:\Program Files\Microchip\xc8\v2.32\pic\dat\en_msgs.txt -cn \
  -h+dist/default/production\Voltage-Monitor.X.production.sym \
  --cmf=dist/default/production\Voltage-Monitor.X.production.cmf -z \
  -Q16F887 -oC:\Users\lenovo\AppData\Local\Temp\xcAsits.4 \
  --defsym=__MPLAB_BUILD=1 \
  -Mdist/default/production/Voltage-Monitor.X.production.map -E1 \
  -ver=XC8 Compiler --acfsm=1493 -ASTACK=0110h-016Fh -pstack=STACK \
  -ACODE=00h-07FFhx4 -ASTRCODE=00h-01FFFh -ASTRING=00h-0FFhx32 \
  -ACONST=00h-0FFhx32 -AENTRY=00h-0FFhx32 -ACOMMON=070h-07Fh \
  -ABANK0=020h-06Fh -ABANK1=0A0h-0EFh -ABANK2=0110h-016Fh \
  -ABANK3=0190h-01EFh -ARAM=020h-06Fh,0A0h-0EFh,0110h-016Fh,0190h-01EFh \
  -AABS1=020h-07Fh,0A0h-0EFh,0110h-016Fh,0190h-01EFh -ASFR0=00h-01Fh \
  -ASFR1=080h-09Fh -ASFR2=0100h-010Fh -ASFR3=0180h-018Fh \
  -ACONFIG=02007h-02008h -DCONFIG=2 -AIDLOC=02000h-02003h -DIDLOC=2 \
  -AEEDATA=00h-0FFh/02100h -peeprom_data=EEDATA -DEEDATA=2 -DCODE=2 \
  -DSTRCODE=2 -DSTRING=2 -DCONST=2 -DENTRY=2 \
  -preset_vec=00h,intentry=04h,init,end_init -ppowerup=CODE -pcinit=CODE \
  -pfunctab=ENTRY -k C:\Users\lenovo\AppData\Local\Temp\xcAsits.o \
  dist/default/production\Voltage-Monitor.X.production.o 

Object code version is 3.11

Machine type is 16F887



                Name                               Link     Load   Length Selector   Space Scale
C:\Users\lenovo\AppData\Local\Temp\xcAsits.o
                end_init                              E        E        3        8       0
                reset_vec                             0        0        3        0       0
dist/default/production\Voltage-Monitor.X.production.o
                cinit                                11       11       1B        8       0
                intentry                              4        4        A        8       0
                text6                                A5       A5       61        8       0
                text5                               1CA      1CA       13        8       0
                text4                               1DD      1DD        C        8       0
                text3                               106      106       46        8       0
                text2                               14C      14C       3C        8       0
                text1                                2C       2C       79        8       0
                maintext                            188      188       2F        8       0
                cstackBANK0                          32       32        8       20       1
                cstackCOMMON                         70       70        9       70       1
                inittext                            1B7      1B7       13        8       0
                dataBANK0                            20       20        A       20       1
                bssBANK0                             2A       2A        8       20       1
                bssCOMMON                            79       79        1       70       1
                idataBANK0                          1E9      1E9        A        8       0

TOTAL           Name                               Link     Load   Length     Space
        CLASS   STACK          

        CLASS   CODE           
                end_init                              E        E        3         0
                cinit                                11       11       1B         0
                intentry                              4        4        A         0
                reset_vec                             0        0        3         0
                text6                                A5       A5       61         0
                text5                               1CA      1CA       13         0
                text4                               1DD      1DD        C         0
                text3                               106      106       46         0
                text2                               14C      14C       3C         0
                text1                                2C       2C       79         0
                maintext                            188      188       2F         0
                inittext                            1B7      1B7       13         0
                idataBANK0                          1E9      1E9        A         0

        CLASS   STRCODE        

        CLASS   STRING         

        CLASS   CONST          

        CLASS   ENTRY          

        CLASS   COMMON         
                cstackCOMMON                         70       70        9         1
                bssCOMMON                            79       79        1         1

        CLASS   BANK0          
                cstackBANK0                          32       32        8         1
                dataBANK0                            20       20        A         1
                bssBANK0                             2A       2A        8         1

        CLASS   BANK1          

        CLASS   BANK2          

        CLASS   BANK3          

        CLASS   RAM            

        CLASS   ABS1           
                abs_s1                               7E       7E        2         1

        CLASS   SFR0           

        CLASS   SFR1           

        CLASS   SFR2           

        CLASS   SFR3           

        CLASS   CONFIG         

        CLASS   IDLOC          

        CLASS   EEDATA         



SEGMENTS        Name                           Load    Length   Top    Selector   Space  Class     Delta

                reset_vec                      000000  000003  000003         0       0  CODE        2
                intentry                       000004  0001EF  0001F3         8       0  CODE        2
                dataBANK0                      000020  00001A  00003A        20       1  BANK0       1
                cstackCOMMON                   000070  00000A  00007A        70       1  COMMON      1


UNUSED ADDRESS RANGES

        Name                Unused          Largest block    Delta
        BANK0            03A-06F            36           1
        BANK1            0A0-0EF            50           1
        BANK2            110-16F            60           1
        BANK3            190-1EF            60           1
        CODE             003-003             1           2
                         1F3-1FFF           800
        COMMON           07A-07D             4           1
        CONFIG           2007-2008             2           2
        CONST            003-003             1           2
                         1F3-1FFF           100
        EEDATA           2100-21FF           100           2
        ENTRY            003-003             1           2
                         1F3-1FFF           100
        IDLOC            2000-2003             4           2
        RAM              03A-06F            36           1
                         0A0-0EF            50
                         110-16F            60
                         190-1EF            60
        SFR0             000-01F            20           1
        SFR1             080-09F            20           1
        SFR2             100-10F            10           1
        SFR3             180-18F            10           1
        STACK            110-16F            60           1
        STRCODE          003-003             1           2
                         1F3-1FFF          1E0D
        STRING           003-003             1           2
                         1F3-1FFF           100

                                  Symbol Table

?___lwdiv                 cstackCOMMON 074
?___lwmod                 cstackCOMMON 074
SevenSeg1_Write@num       cstackBANK0  035
_ADON                     (abs)        0F8
_Check                    bssCOMMON    079
_GIE                      (abs)        05F
_ISR                      text6        0A5
_PEIE                     (abs)        05E
_PORTCbits                (abs)        007
_PORTD                    (abs)        008
_Segments_Code            dataBANK0    020
_SevenSeg1_Digits         bssBANK0     02A
_SevenSeg1_Init           text4        1DD
_SevenSeg1_Write          text1        02C
_T1CKPS0                  (abs)        084
_T1CKPS1                  (abs)        085
_TMR1                     (abs)        00E
_TMR1CS                   (abs)        081
_TMR1IE                   (abs)        460
_TMR1IF                   (abs)        060
_TMR1ON                   (abs)        080
_TMR1_Init                text5        1CA
_TRISC0                   (abs)        438
_TRISC1                   (abs)        439
_TRISC2                   (abs)        43A
_TRISC3                   (abs)        43B
_TRISD                    (abs)        088
__Habs1                   abs1         000
__Hbank0                  bank0        000
__Hbank1                  bank1        000
__Hbank2                  bank2        000
__Hbank3                  bank3        000
__HbssBANK0               bssBANK0     000
__HbssCOMMON              bssCOMMON    000
__Hcinit                  cinit        02C
__Hclrtext                clrtext      000
__Hcode                   code         000
__Hcommon                 common       000
__HcstackBANK0            cstackBANK0  000
__HcstackCOMMON           cstackCOMMON 000
__HdataBANK0              dataBANK0    000
__Heeprom_data            eeprom_data  000
__Hend_init               end_init     011
__Hfunctab                functab      000
__HidataBANK0             idataBANK0   000
__Hinit                   init         00E
__Hinittext               inittext     000
__Hintentry               intentry     00E
__Hmaintext               maintext     000
__Hpowerup                powerup      000
__Hram                    ram          000
__Hreset_vec              reset_vec    003
__Hsfr0                   sfr0         000
__Hsfr1                   sfr1         000
__Hsfr2                   sfr2         000
__Hsfr3                   sfr3         000
__Hspace_0                (abs)        1F3
__Hspace_1                (abs)        07A
__Hspace_2                (abs)        000
__Hspace_3                (abs)        000
__Hstack                  stack        000
__Hstrings                strings      000
__Htext                   text         000
__Labs1                   abs1         000
__Lbank0                  bank0        000
__Lbank1                  bank1        000
__Lbank2                  bank2        000
__Lbank3                  bank3        000
__LbssBANK0               bssBANK0     000
__LbssCOMMON              bssCOMMON    000
__Lcinit                  cinit        011
__Lclrtext                clrtext      000
__Lcode                   code         000
__Lcommon                 common       000
__LcstackBANK0            cstackBANK0  000
__LcstackCOMMON           cstackCOMMON 000
__LdataBANK0              dataBANK0    000
__Leeprom_data            eeprom_data  000
__Lend_init               end_init     00E
__Lfunctab                functab      000
__LidataBANK0             idataBANK0   000
__Linit                   init         00E
__Linittext               inittext     000
__Lintentry               intentry     004
__Lmaintext               maintext     000
__Lpowerup                powerup      000
__Lram                    ram          000
__Lreset_vec              reset_vec    000
__Lsfr0                   sfr0         000
__Lsfr1                   sfr1         000
__Lsfr2                   sfr2         000
__Lsfr3                   sfr3         000
__Lspace_0                (abs)        000
__Lspace_1                (abs)        000
__Lspace_2                (abs)        000
__Lspace_3                (abs)        000
__Lstack                  stack        000
__Lstrings                strings      000
__Ltext                   text         000
__S0                      (abs)        1F3
__S1                      (abs)        07A
__S2                      (abs)        000
__S3                      (abs)        000
___int_sp                 stack        000
___latbits                (abs)        002
___lwdiv                  text3        106
___lwdiv@counter          cstackBANK0  034
___lwdiv@dividend         cstackCOMMON 076
___lwdiv@divisor          cstackCOMMON 074
___lwdiv@quotient         cstackBANK0  032
___lwmod                  text2        14C
___lwmod@counter          cstackBANK0  032
___lwmod@dividend         cstackCOMMON 076
___lwmod@divisor          cstackCOMMON 074
___sp                     stack        000
___stackhi                (abs)        000
___stacklo                (abs)        000
__end_of_ISR              text6        106
__end_of_SevenSeg1_Init   text4        1E9
__end_of_SevenSeg1_Write  text1        0A5
__end_of_TMR1_Init        text5        1DD
__end_of___lwdiv          text3        14C
__end_of___lwmod          text2        188
__end_of__initialization  cinit        028
__end_of_main             maintext     1B7
__initialization          cinit        011
__pbssBANK0               bssBANK0     02A
__pbssCOMMON              bssCOMMON    079
__pcstackBANK0            cstackBANK0  032
__pcstackCOMMON           cstackCOMMON 070
__pdataBANK0              dataBANK0    020
__pidataBANK0             idataBANK0   1E9
__pintentry               intentry     004
__pmaintext               maintext     188
__ptext1                  text1        02C
__ptext2                  text2        14C
__ptext3                  text3        106
__ptext4                  text4        1DD
__ptext5                  text5        1CA
__ptext6                  text6        0A5
__size_of_ISR             (abs)        000
__size_of_SevenSeg1_Init  (abs)        000
__size_of_SevenSeg1_Write (abs)        000
__size_of_TMR1_Init       (abs)        000
__size_of___lwdiv         (abs)        000
__size_of___lwmod         (abs)        000
__size_of_main            (abs)        000
_main                     maintext     188
btemp                     (abs)        07E
end_of_initialization     cinit        028
init_fetch0               inittext     1B7
init_ram0                 inittext     1BB
interrupt_function        intentry     004
intlevel0                 functab      000
intlevel1                 functab      000
intlevel2                 functab      000
intlevel3                 functab      000
intlevel4                 functab      000
intlevel5                 functab      000
reset_vec                 reset_vec    000
saved_w                   (abs)        07E
start                     init         00E
start_initialization      cinit        011
wtemp0                    (abs)        07E


MODULE INFORMATION

Module		Function		Class		Link	Load	Size
C:\Program Files\Microchip\xc8\v2.32\pic\sources\c90\common\lwmod.c
		___lwmod       		CODE           	014C	0000	60

C:\Program Files\Microchip\xc8\v2.32\pic\sources\c90\common\lwmod.c estimated size: 60

shared
		__initialization		CODE           	0011	0000	23

shared estimated size: 23

C:\Program Files\Microchip\xc8\v2.32\pic\sources\c90\common\lwdiv.c
		___lwdiv       		CODE           	0106	0000	70

C:\Program Files\Microchip\xc8\v2.32\pic\sources\c90\common\lwdiv.c estimated size: 70

main.c
		_SevenSeg1_Init		CODE           	01DD	0000	12
		_ISR           		CODE           	00A5	0000	97
		_main          		CODE           	0188	0000	47
		_SevenSeg1_Write		CODE           	002C	0000	121
		_TMR1_Init     		CODE           	01CA	0000	19

main.c estimated size: 296

